[2026-08-26T16:51:07.220Z] [Check] GET /api/private/check called
[2026-08-26T16:51:07.235Z] [Check] authError: Auth session missing!
[2026-08-26T16:51:07.236Z] [Check] Unauthorized: No user found
[2026-08-26T16:51:07.341Z] [Check] GET /api/private/check called
[2026-08-26T16:51:07.347Z] [Check] authError: Auth session missing!
[2026-08-26T16:51:07.348Z] [Check] Unauthorized: No user found
[2026-08-26T16:51:48.873Z] [Check] GET /api/private/check called
[2026-08-26T16:51:49.311Z] [Check] User authenticated: id=7309def7-182e-4f25-805b-15615f68c3b7, email=mahfux090@gmail.com
[2026-08-26T16:51:49.467Z] [Check] Privacy settings exists: true, data={"id":"f7807f78-fb87-4f9e-b1cc-827ce2f3ffee"}
[2026-08-26T16:51:49.468Z] [Check] Token found: no
[2026-08-26T16:52:07.530Z] [Check] GET /api/private/check called
[2026-08-26T16:52:07.955Z] [Check] User authenticated: id=7309def7-182e-4f25-805b-15615f68c3b7, email=mahfux090@gmail.com
[2026-08-26T16:52:08.134Z] [Check] Privacy settings exists: true, data={"id":"f7807f78-fb87-4f9e-b1cc-827ce2f3ffee"}
[2026-08-26T16:52:08.134Z] [Check] Token found: no
[2026-08-26T16:52:08.392Z] [Check] GET /api/private/check called
[2026-08-26T16:52:08.838Z] [Check] User authenticated: id=7309def7-182e-4f25-805b-15615f68c3b7, email=mahfux090@gmail.com
[2026-08-26T16:52:08.982Z] [Check] Privacy settings exists: true, data={"id":"f7807f78-fb87-4f9e-b1cc-827ce2f3ffee"}
[2026-08-26T16:52:08.984Z] [Check] Token found: no
[2026-08-26T16:52:09.256Z] [Check] GET /api/private/check called
[2026-08-26T16:52:09.763Z] [Check] User authenticated: id=7309def7-182e-4f25-805b-15615f68c3b7, email=mahfux090@gmail.com
[2026-08-26T16:52:09.912Z] [Check] Privacy settings exists: true, data={"id":"f7807f78-fb87-4f9e-b1cc-827ce2f3ffee"}
[2026-08-26T16:52:09.912Z] [Check] Token found: no
[2026-08-26T16:52:10.707Z] [Check] GET /api/private/check called
[2026-08-26T16:52:11.125Z] [Check] User authenticated: id=7309def7-182e-4f25-805b-15615f68c3b7, email=mahfux090@gmail.com
[2026-08-26T16:52:11.268Z] [Check] Privacy settings exists: true, data={"id":"f7807f78-fb87-4f9e-b1cc-827ce2f3ffee"}
[2026-08-26T16:52:11.269Z] [Check] Token found: no
[2026-08-26T16:52:11.539Z] [Check] GET /api/private/check called
[2026-08-26T16:52:11.965Z] [Check] User authenticated: id=7309def7-182e-4f25-805b-15615f68c3b7, email=mahfux090@gmail.com
[2026-08-26T16:52:12.111Z] [Check] Privacy settings exists: true, data={"id":"f7807f78-fb87-4f9e-b1cc-827ce2f3ffee"}
[2026-08-26T16:52:12.112Z] [Check] Token found: no
[2026-08-26T16:52:12.345Z] [Check] GET /api/private/check called
[2026-08-26T16:52:12.761Z] [Check] User authenticated: id=7309def7-182e-4f25-805b-15615f68c3b7, email=mahfux090@gmail.com
[2026-08-26T16:52:12.908Z] [Check] Privacy settings exists: true, data={"id":"f7807f78-fb87-4f9e-b1cc-827ce2f3ffee"}
[2026-08-26T16:52:12.909Z] [Check] Token found: no
[2026-08-26T16:52:20.251Z] [Check] GET /api/private/check called
[2026-08-26T16:52:20.658Z] [Check] User authenticated: id=7309def7-182e-4f25-805b-15615f68c3b7, email=mahfux090@gmail.com
[2026-08-26T16:52:20.795Z] [Check] Privacy settings exists: true, data={"id":"f7807f78-fb87-4f9e-b1cc-827ce2f3ffee"}
[2026-08-26T16:52:20.796Z] [Check] Token found: no
[2026-08-26T16:52:21.011Z] [Check] GET /api/private/check called
[2026-08-26T16:52:21.414Z] [Check] User authenticated: id=7309def7-182e-4f25-805b-15615f68c3b7, email=mahfux090@gmail.com
[2026-08-26T16:52:21.564Z] [Check] Privacy settings exists: true, data={"id":"f7807f78-fb87-4f9e-b1cc-827ce2f3ffee"}
[2026-08-26T16:52:21.565Z] [Check] Token found: no
[2026-08-26T16:52:21.794Z] [Check] GET /api/private/check called
[2026-08-26T16:52:22.213Z] [Check] User authenticated: id=7309def7-182e-4f25-805b-15615f68c3b7, email=mahfux090@gmail.com
[2026-08-26T16:52:22.357Z] [Check] Privacy settings exists: true, data={"id":"f7807f78-fb87-4f9e-b1cc-827ce2f3ffee"}
[2026-08-26T16:52:22.358Z] [Check] Token found: no
[2026-08-26T16:53:07.454Z] [Check] GET /api/private/check called
[2026-08-26T16:53:07.864Z] [Check] User authenticated: id=7309def7-182e-4f25-805b-15615f68c3b7, email=mahfux090@gmail.com
[2026-08-26T16:53:08.004Z] [Check] Privacy settings exists: true, data={"id":"f7807f78-fb87-4f9e-b1cc-827ce2f3ffee"}
[2026-08-26T16:53:08.004Z] [Check] Token found: no
[2026-08-26T16:53:08.236Z] [Check] GET /api/private/check called
[2026-08-26T16:53:08.642Z] [Check] User authenticated: id=7309def7-182e-4f25-805b-15615f68c3b7, email=mahfux090@gmail.com
[2026-08-26T16:53:08.789Z] [Check] Privacy settings exists: true, data={"id":"f7807f78-fb87-4f9e-b1cc-827ce2f3ffee"}
[2026-08-26T16:53:08.789Z] [Check] Token found: no
[2026-08-26T16:53:09.007Z] [Check] GET /api/private/check called
[2026-08-26T16:53:09.422Z] [Check] User authenticated: id=7309def7-182e-4f25-805b-15615f68c3b7, email=mahfux090@gmail.com
[2026-08-26T16:53:09.566Z] [Check] Privacy settings exists: true, data={"id":"f7807f78-fb87-4f9e-b1cc-827ce2f3ffee"}
[2026-08-26T16:53:09.567Z] [Check] Token found: no
[2026-08-26T16:53:12.300Z] [Check] GET /api/private/check called
[2026-08-26T16:53:12.693Z] [Check] User authenticated: id=7309def7-182e-4f25-805b-15615f68c3b7, email=mahfux090@gmail.com
[2026-08-26T16:53:12.831Z] [Check] Privacy settings exists: true, data={"id":"f7807f78-fb87-4f9e-b1cc-827ce2f3ffee"}
[2026-08-26T16:53:12.831Z] [Check] Token found: no
[2026-08-26T16:53:13.061Z] [Check] GET /api/private/check called
[2026-08-26T16:53:13.466Z] [Check] User authenticated: id=7309def7-182e-4f25-805b-15615f68c3b7, email=mahfux090@gmail.com
[2026-08-26T16:53:13.610Z] [Check] Privacy settings exists: true, data={"id":"f7807f78-fb87-4f9e-b1cc-827ce2f3ffee"}
[2026-08-26T16:53:13.612Z] [Check] Token found: no
[2026-08-26T16:53:13.879Z] [Check] GET /api/private/check called
[2026-08-26T16:53:14.286Z] [Check] User authenticated: id=7309def7-182e-4f25-805b-15615f68c3b7, email=mahfux090@gmail.com
[2026-08-26T16:53:14.425Z] [Check] Privacy settings exists: true, data={"id":"f7807f78-fb87-4f9e-b1cc-827ce2f3ffee"}
[2026-08-26T16:53:14.426Z] [Check] Token found: no
[2026-08-28T16:21:59.456Z] [Check] GET /api/private/check called
[2026-08-28T16:22:00.006Z] [Check] User authenticated: id=7309def7-182e-4f25-805b-15615f68c3b7, email=mahfux090@gmail.com
[2026-08-28T16:22:00.168Z] [Check] Privacy settings exists: true, data={"id":"f7807f78-fb87-4f9e-b1cc-827ce2f3ffee"}
[2026-08-28T16:22:00.170Z] [Check] Token found: no
[2026-08-28T16:22:00.534Z] [Check] GET /api/private/check called
[2026-08-28T16:22:01.099Z] [Check] User authenticated: id=7309def7-182e-4f25-805b-15615f68c3b7, email=mahfux090@gmail.com
[2026-08-28T16:22:01.328Z] [Check] Privacy settings exists: true, data={"id":"f7807f78-fb87-4f9e-b1cc-827ce2f3ffee"}
[2026-08-28T16:22:01.328Z] [Check] Token found: no
[2026-08-28T16:22:01.570Z] [Check] GET /api/private/check called
[2026-08-28T16:22:02.028Z] [Check] User authenticated: id=7309def7-182e-4f25-805b-15615f68c3b7, email=mahfux090@gmail.com
[2026-08-28T16:22:02.212Z] [Check] Privacy settings exists: true, data={"id":"f7807f78-fb87-4f9e-b1cc-827ce2f3ffee"}
[2026-08-28T16:22:02.212Z] [Check] Token found: no
[2026-08-28T16:22:47.149Z] [Check] GET /api/private/check called
[2026-08-28T16:22:47.555Z] [Check] User authenticated: id=7309def7-182e-4f25-805b-15615f68c3b7, email=mahfux090@gmail.com
[2026-08-28T16:22:47.696Z] [Check] Privacy settings exists: true, data={"id":"f7807f78-fb87-4f9e-b1cc-827ce2f3ffee"}
[2026-08-28T16:22:47.697Z] [Check] Token found: no
[2026-08-28T16:22:48.008Z] [Check] GET /api/private/check called
[2026-08-28T16:22:48.422Z] [Check] User authenticated: id=7309def7-182e-4f25-805b-15615f68c3b7, email=mahfux090@gmail.com
[2026-08-28T16:22:48.607Z] [Check] Privacy settings exists: true, data={"id":"f7807f78-fb87-4f9e-b1cc-827ce2f3ffee"}
[2026-08-28T16:22:48.608Z] [Check] Token found: no
[2026-08-28T16:22:48.955Z] [Check] GET /api/private/check called
[2026-08-28T16:22:49.437Z] [Check] User authenticated: id=7309def7-182e-4f25-805b-15615f68c3b7, email=mahfux090@gmail.com
[2026-08-28T16:22:49.634Z] [Check] Privacy settings exists: true, data={"id":"f7807f78-fb87-4f9e-b1cc-827ce2f3ffee"}
[2026-08-28T16:22:49.635Z] [Check] Token found: no
[2026-08-28T16:23:45.496Z] [Check] GET /api/private/check called
[2026-08-28T16:23:45.942Z] [Check] User authenticated: id=7309def7-182e-4f25-805b-15615f68c3b7, email=mahfux090@gmail.com
[2026-08-28T16:23:46.092Z] [Check] Privacy settings exists: true, data={"id":"f7807f78-fb87-4f9e-b1cc-827ce2f3ffee"}
[2026-08-28T16:23:46.092Z] [Check] Token found: no
[2026-08-28T16:23:46.346Z] [Check] GET /api/private/check called
[2026-08-28T16:23:46.979Z] [Check] User authenticated: id=7309def7-182e-4f25-805b-15615f68c3b7, email=mahfux090@gmail.com
[2026-08-28T16:23:47.126Z] [Check] Privacy settings exists: true, data={"id":"f7807f78-fb87-4f9e-b1cc-827ce2f3ffee"}
[2026-08-28T16:23:47.127Z] [Check] Token found: no
[2026-08-28T16:23:47.385Z] [Check] GET /api/private/check called
[2026-08-28T16:23:48.006Z] [Check] User authenticated: id=7309def7-182e-4f25-805b-15615f68c3b7, email=mahfux090@gmail.com
[2026-08-28T16:23:48.153Z] [Check] Privacy settings exists: true, data={"id":"f7807f78-fb87-4f9e-b1cc-827ce2f3ffee"}
[2026-08-28T16:23:48.153Z] [Check] Token found: no
[2026-08-28T16:24:27.494Z] [Check] GET /api/private/check called
[2026-08-28T16:24:27.938Z] [Check] User authenticated: id=7309def7-182e-4f25-805b-15615f68c3b7, email=mahfux090@gmail.com
[2026-08-28T16:24:28.089Z] [Check] Privacy settings exists: true, data={"id":"f7807f78-fb87-4f9e-b1cc-827ce2f3ffee"}
[2026-08-28T16:24:28.091Z] [Check] Token found: no
[2026-08-28T16:24:28.406Z] [Check] GET /api/private/check called
[2026-08-28T16:24:28.828Z] [Check] User authenticated: id=7309def7-182e-4f25-805b-15615f68c3b7, email=mahfux090@gmail.com
[2026-08-28T16:24:29.068Z] [Check] Privacy settings exists: true, data={"id":"f7807f78-fb87-4f9e-b1cc-827ce2f3ffee"}
[2026-08-28T16:24:29.069Z] [Check] Token found: no
[2026-08-28T16:24:29.391Z] [Check] GET /api/private/check called
[2026-08-28T16:24:29.802Z] [Check] User authenticated: id=7309def7-182e-4f25-805b-15615f68c3b7, email=mahfux090@gmail.com
[2026-08-28T16:24:29.948Z] [Check] Privacy settings exists: true, data={"id":"f7807f78-fb87-4f9e-b1cc-827ce2f3ffee"}
[2026-08-28T16:24:29.949Z] [Check] Token found: no
[2026-08-28T16:24:31.748Z] [Check] GET /api/private/check called
[2026-08-28T16:24:32.178Z] [Check] User authenticated: id=7309def7-182e-4f25-805b-15615f68c3b7, email=mahfux090@gmail.com
[2026-08-28T16:24:32.323Z] [Check] Privacy settings exists: true, data={"id":"f7807f78-fb87-4f9e-b1cc-827ce2f3ffee"}
[2026-08-28T16:24:32.323Z] [Check] Token found: no
[2026-08-28T16:24:32.661Z] [Check] GET /api/private/check called
[2026-08-28T16:24:33.171Z] [Check] User authenticated: id=7309def7-182e-4f25-805b-15615f68c3b7, email=mahfux090@gmail.com
[2026-08-28T16:24:33.323Z] [Check] Privacy settings exists: true, data={"id":"f7807f78-fb87-4f9e-b1cc-827ce2f3ffee"}
[2026-08-28T16:24:33.325Z] [Check] Token found: no
[2026-08-28T16:24:33.711Z] [Check] GET /api/private/check called
[2026-08-28T16:24:34.230Z] [Check] User authenticated: id=7309def7-182e-4f25-805b-15615f68c3b7, email=mahfux090@gmail.com
[2026-08-28T16:24:34.407Z] [Check] Privacy settings exists: true, data={"id":"f7807f78-fb87-4f9e-b1cc-827ce2f3ffee"}
[2026-08-28T16:24:34.408Z] [Check] Token found: no
[2026-08-28T16:24:37.646Z] [Check] GET /api/private/check called
[2026-08-28T16:24:38.291Z] [Check] User authenticated: id=7309def7-182e-4f25-805b-15615f68c3b7, email=mahfux090@gmail.com
[2026-08-28T16:24:38.440Z] [Check] Privacy settings exists: true, data={"id":"f7807f78-fb87-4f9e-b1cc-827ce2f3ffee"}
[2026-08-28T16:24:38.441Z] [Check] Token found: no
[2026-08-28T16:24:38.739Z] [Check] GET /api/private/check called
[2026-08-28T16:24:39.310Z] [Check] User authenticated: id=7309def7-182e-4f25-805b-15615f68c3b7, email=mahfux090@gmail.com
[2026-08-28T16:24:39.510Z] [Check] Privacy settings exists: true, data={"id":"f7807f78-fb87-4f9e-b1cc-827ce2f3ffee"}
[2026-08-28T16:24:39.511Z] [Check] Token found: no
[2026-08-28T16:24:39.769Z] [Check] GET /api/private/check called
[2026-08-28T16:24:40.245Z] [Check] User authenticated: id=7309def7-182e-4f25-805b-15615f68c3b7, email=mahfux090@gmail.com
[2026-08-28T16:24:40.439Z] [Check] Privacy settings exists: true, data={"id":"f7807f78-fb87-4f9e-b1cc-827ce2f3ffee"}
[2026-08-28T16:24:40.440Z] [Check] Token found: no
[2026-08-28T16:25:03.516Z] [Check] GET /api/private/check called
[2026-08-28T16:25:04.163Z] [Check] User authenticated: id=7309def7-182e-4f25-805b-15615f68c3b7, email=mahfux090@gmail.com
[2026-08-28T16:25:04.307Z] [Check] Privacy settings exists: true, data={"id":"f7807f78-fb87-4f9e-b1cc-827ce2f3ffee"}
[2026-08-28T16:25:04.308Z] [Check] Token found: no
[2026-08-28T16:25:04.633Z] [Check] GET /api/private/check called
[2026-08-28T16:25:05.066Z] [Check] User authenticated: id=7309def7-182e-4f25-805b-15615f68c3b7, email=mahfux090@gmail.com
[2026-08-28T16:25:05.211Z] [Check] Privacy settings exists: true, data={"id":"f7807f78-fb87-4f9e-b1cc-827ce2f3ffee"}
[2026-08-28T16:25:05.213Z] [Check] Token found: no
[2026-08-28T16:25:05.461Z] [Check] GET /api/private/check called
[2026-08-28T16:25:06.043Z] [Check] User authenticated: id=7309def7-182e-4f25-805b-15615f68c3b7, email=mahfux090@gmail.com
[2026-08-28T16:25:06.194Z] [Check] Privacy settings exists: true, data={"id":"f7807f78-fb87-4f9e-b1cc-827ce2f3ffee"}
[2026-08-28T16:25:06.195Z] [Check] Token found: no
[2026-08-28T16:25:55.985Z] [Check] GET /api/private/check called
[2026-08-28T16:25:56.416Z] [Check] User authenticated: id=7309def7-182e-4f25-805b-15615f68c3b7, email=mahfux090@gmail.com
[2026-08-28T16:25:56.635Z] [Check] Privacy settings exists: true, data={"id":"f7807f78-fb87-4f9e-b1cc-827ce2f3ffee"}
[2026-08-28T16:25:56.636Z] [Check] Token found: no
[2026-08-28T16:25:56.943Z] [Check] GET /api/private/check called
[2026-08-28T16:25:57.383Z] [Check] User authenticated: id=7309def7-182e-4f25-805b-15615f68c3b7, email=mahfux090@gmail.com
[2026-08-28T16:25:57.638Z] [Check] Privacy settings exists: true, data={"id":"f7807f78-fb87-4f9e-b1cc-827ce2f3ffee"}
[2026-08-28T16:25:57.639Z] [Check] Token found: no
[2026-08-28T16:25:57.960Z] [Check] GET /api/private/check called
[2026-08-28T16:25:58.469Z] [Check] User authenticated: id=7309def7-182e-4f25-805b-15615f68c3b7, email=mahfux090@gmail.com
[2026-08-28T16:25:58.663Z] [Check] Privacy settings exists: true, data={"id":"f7807f78-fb87-4f9e-b1cc-827ce2f3ffee"}
[2026-08-28T16:25:58.663Z] [Check] Token found: no
[2026-08-28T16:33:08.021Z] [Check] GET /api/private/check called
[2026-08-28T16:33:08.497Z] [Check] User authenticated: id=7309def7-182e-4f25-805b-15615f68c3b7, email=mahfux090@gmail.com
[2026-08-28T16:33:08.643Z] [Check] Privacy settings exists: true, data={"id":"f7807f78-fb87-4f9e-b1cc-827ce2f3ffee"}
[2026-08-28T16:33:08.644Z] [Check] Token found: no
[2026-08-28T16:33:08.864Z] [Check] GET /api/private/check called
[2026-08-28T16:33:09.400Z] [Check] User authenticated: id=7309def7-182e-4f25-805b-15615f68c3b7, email=mahfux090@gmail.com
[2026-08-28T16:33:09.538Z] [Check] Privacy settings exists: true, data={"id":"f7807f78-fb87-4f9e-b1cc-827ce2f3ffee"}
[2026-08-28T16:33:09.538Z] [Check] Token found: no
[2026-08-28T16:33:09.753Z] [Check] GET /api/private/check called
[2026-08-28T16:33:10.288Z] [Check] User authenticated: id=7309def7-182e-4f25-805b-15615f68c3b7, email=mahfux090@gmail.com
[2026-08-28T16:33:10.434Z] [Check] Privacy settings exists: true, data={"id":"f7807f78-fb87-4f9e-b1cc-827ce2f3ffee"}
[2026-08-28T16:33:10.434Z] [Check] Token found: no
[2026-08-28T16:33:13.890Z] [Check] GET /api/private/check called
[2026-08-28T16:33:14.406Z] [Check] User authenticated: id=7309def7-182e-4f25-805b-15615f68c3b7, email=mahfux090@gmail.com
[2026-08-28T16:33:14.574Z] [Check] Privacy settings exists: true, data={"id":"f7807f78-fb87-4f9e-b1cc-827ce2f3ffee"}
[2026-08-28T16:33:14.575Z] [Check] Token found: no
[2026-08-28T16:33:14.893Z] [Check] GET /api/private/check called
[2026-08-28T16:33:15.305Z] [Check] User authenticated: id=7309def7-182e-4f25-805b-15615f68c3b7, email=mahfux090@gmail.com
[2026-08-28T16:33:15.447Z] [Check] Privacy settings exists: true, data={"id":"f7807f78-fb87-4f9e-b1cc-827ce2f3ffee"}
[2026-08-28T16:33:15.448Z] [Check] Token found: no
[2026-08-28T16:33:15.686Z] [Check] GET /api/private/check called
[2026-08-28T16:33:16.126Z] [Check] User authenticated: id=7309def7-182e-4f25-805b-15615f68c3b7, email=mahfux090@gmail.com
[2026-08-28T16:33:16.314Z] [Check] Privacy settings exists: true, data={"id":"f7807f78-fb87-4f9e-b1cc-827ce2f3ffee"}
[2026-08-28T16:33:16.314Z] [Check] Token found: no
[2026-08-28T16:34:14.953Z] [Check] GET /api/private/check called
[2026-08-28T16:34:15.459Z] [Check] User authenticated: id=7309def7-182e-4f25-805b-15615f68c3b7, email=mahfux090@gmail.com
[2026-08-28T16:34:15.604Z] [Check] Privacy settings exists: true, data={"id":"f7807f78-fb87-4f9e-b1cc-827ce2f3ffee"}
[2026-08-28T16:34:15.607Z] [Check] Token found: no
[2026-08-28T16:34:15.930Z] [Check] GET /api/private/check called
[2026-08-28T16:34:16.405Z] [Check] User authenticated: id=7309def7-182e-4f25-805b-15615f68c3b7, email=mahfux090@gmail.com
[2026-08-28T16:34:16.563Z] [Check] Privacy settings exists: true, data={"id":"f7807f78-fb87-4f9e-b1cc-827ce2f3ffee"}
[2026-08-28T16:34:16.565Z] [Check] Token found: no
[2026-08-28T16:34:17.017Z] [Check] GET /api/private/check called
[2026-08-28T16:34:17.564Z] [Check] User authenticated: id=7309def7-182e-4f25-805b-15615f68c3b7, email=mahfux090@gmail.com
[2026-08-28T16:34:17.757Z] [Check] Privacy settings exists: true, data={"id":"f7807f78-fb87-4f9e-b1cc-827ce2f3ffee"}
[2026-08-28T16:34:17.758Z] [Check] Token found: no
[2026-08-28T16:34:18.097Z] [Check] GET /api/private/check called
[2026-08-28T16:34:18.521Z] [Check] User authenticated: id=7309def7-182e-4f25-805b-15615f68c3b7, email=mahfux090@gmail.com
[2026-08-28T16:34:18.663Z] [Check] Privacy settings exists: true, data={"id":"f7807f78-fb87-4f9e-b1cc-827ce2f3ffee"}
[2026-08-28T16:34:18.664Z] [Check] Token found: no
[2026-08-28T16:34:18.902Z] [Check] GET /api/private/check called
[2026-08-28T16:34:19.331Z] [Check] User authenticated: id=7309def7-182e-4f25-805b-15615f68c3b7, email=mahfux090@gmail.com
[2026-08-28T16:34:19.476Z] [Check] Privacy settings exists: true, data={"id":"f7807f78-fb87-4f9e-b1cc-827ce2f3ffee"}
[2026-08-28T16:34:19.477Z] [Check] Token found: no
[2026-08-28T16:34:48.233Z] [Check] GET /api/private/check called
[2026-08-28T16:34:48.642Z] [Check] User authenticated: id=7309def7-182e-4f25-805b-15615f68c3b7, email=mahfux090@gmail.com
[2026-08-28T16:34:48.804Z] [Check] Privacy settings exists: true, data={"id":"f7807f78-fb87-4f9e-b1cc-827ce2f3ffee"}
[2026-08-28T16:34:48.805Z] [Check] Token found: no
[2026-08-28T16:34:49.207Z] [Check] GET /api/private/check called
[2026-08-28T16:34:49.707Z] [Check] User authenticated: id=7309def7-182e-4f25-805b-15615f68c3b7, email=mahfux090@gmail.com
[2026-08-28T16:34:49.904Z] [Check] Privacy settings exists: true, data={"id":"f7807f78-fb87-4f9e-b1cc-827ce2f3ffee"}
[2026-08-28T16:34:49.905Z] [Check] Token found: no
[2026-08-28T16:34:50.244Z] [Check] GET /api/private/check called
[2026-08-28T16:34:50.688Z] [Check] User authenticated: id=7309def7-182e-4f25-805b-15615f68c3b7, email=mahfux090@gmail.com
[2026-08-28T16:34:50.836Z] [Check] Privacy settings exists: true, data={"id":"f7807f78-fb87-4f9e-b1cc-827ce2f3ffee"}
[2026-08-28T16:34:50.837Z] [Check] Token found: no
[2026-08-28T16:35:52.765Z] [Check] GET /api/private/check called
[2026-08-28T16:35:53.206Z] [Check] User authenticated: id=7309def7-182e-4f25-805b-15615f68c3b7, email=mahfux090@gmail.com
[2026-08-28T16:35:53.360Z] [Check] Privacy settings exists: true, data={"id":"f7807f78-fb87-4f9e-b1cc-827ce2f3ffee"}
[2026-08-28T16:35:53.361Z] [Check] Token found: no
[2026-08-28T16:35:53.615Z] [Check] GET /api/private/check called
[2026-08-28T16:35:54.117Z] [Check] User authenticated: id=7309def7-182e-4f25-805b-15615f68c3b7, email=mahfux090@gmail.com
[2026-08-28T16:35:54.260Z] [Check] Privacy settings exists: true, data={"id":"f7807f78-fb87-4f9e-b1cc-827ce2f3ffee"}
[2026-08-28T16:35:54.261Z] [Check] Token found: no
[2026-08-28T16:35:54.507Z] [Check] GET /api/private/check called
[2026-08-28T16:35:55.004Z] [Check] User authenticated: id=7309def7-182e-4f25-805b-15615f68c3b7, email=mahfux090@gmail.com
[2026-08-28T16:35:55.182Z] [Check] Privacy settings exists: true, data={"id":"f7807f78-fb87-4f9e-b1cc-827ce2f3ffee"}
[2026-08-28T16:35:55.182Z] [Check] Token found: no
[2026-08-28T16:39:10.910Z] [Unlock] POST /api/private/unlock called
[2026-08-28T16:39:11.543Z] [Unlock] User authenticated: id=7309def7-182e-4f25-805b-15615f68c3b7, email=mahfux090@gmail.com
[2026-08-28T16:39:11.545Z] [Unlock] Passcode parameter received: 07,08
[2026-08-28T16:39:11.750Z] [Unlock] Computed hash: 375c732a5dd9ea54aee0a615a3b374217c50b53e8a0bddb609af072f0e554152
[2026-08-28T16:39:11.751Z] [Unlock] Stored hash: 375c732a5dd9ea54aee0a615a3b374217c50b53e8a0bddb609af072f0e554152
[2026-08-28T16:39:11.752Z] [Unlock] Passcode MATCH! Resetting rate limits and setting token...
[2026-08-28T16:39:11.755Z] [Unlock] Generated token: eyJ1c2VySWQiOiI3MzA5ZGVmNy0xODJlLTRmMjUtODA1Yi0xNTYxNWY2OGMzYjciLCJleHAiOjE3ODc5MzY5NTE3NTR9.0d324793765c2fdaa658a492688611b39902b3a6c6e1f70f31f33197737362ba
[2026-08-28T16:39:38.950Z] [Check] GET /api/private/check called
[2026-08-28T16:39:39.483Z] [Check] User authenticated: id=aef7d4d7-323c-4c08-9334-75cf71220e75, email=akhey@gmail.com
[2026-08-28T16:39:39.631Z] [Check] Privacy settings exists: true, data={"id":"8239e937-63d0-4be3-888b-45b15297493f"}
[2026-08-28T16:39:39.632Z] [Check] Token found: no
[2026-08-28T16:39:45.469Z] [Check] GET /api/private/check called
[2026-08-28T16:39:45.898Z] [Check] User authenticated: id=aef7d4d7-323c-4c08-9334-75cf71220e75, email=akhey@gmail.com
[2026-08-28T16:39:46.038Z] [Check] Privacy settings exists: true, data={"id":"8239e937-63d0-4be3-888b-45b15297493f"}
[2026-08-28T16:39:46.038Z] [Check] Token found: no
[2026-08-28T16:39:46.263Z] [Check] GET /api/private/check called
[2026-08-28T16:39:46.694Z] [Check] User authenticated: id=aef7d4d7-323c-4c08-9334-75cf71220e75, email=akhey@gmail.com
[2026-08-28T16:39:46.869Z] [Check] Privacy settings exists: true, data={"id":"8239e937-63d0-4be3-888b-45b15297493f"}
[2026-08-28T16:39:46.870Z] [Check] Token found: no
[2026-08-28T16:39:47.121Z] [Check] GET /api/private/check called
[2026-08-28T16:39:47.542Z] [Check] User authenticated: id=aef7d4d7-323c-4c08-9334-75cf71220e75, email=akhey@gmail.com
[2026-08-28T16:39:47.717Z] [Check] Privacy settings exists: true, data={"id":"8239e937-63d0-4be3-888b-45b15297493f"}
[2026-08-28T16:39:47.718Z] [Check] Token found: no
[2026-08-28T16:39:50.695Z] [Unlock] POST /api/private/unlock called
[2026-08-28T16:39:51.180Z] [Unlock] User authenticated: id=aef7d4d7-323c-4c08-9334-75cf71220e75, email=akhey@gmail.com
[2026-08-28T16:39:51.182Z] [Unlock] Passcode parameter received: 07,08
[2026-08-28T16:39:51.324Z] [Unlock] Computed hash: 3424827b78308c1b4b712368d072ba7453a8ab31509bc61460bc3b40013bb71b
[2026-08-28T16:39:51.325Z] [Unlock] Stored hash: 3424827b78308c1b4b712368d072ba7453a8ab31509bc61460bc3b40013bb71b
[2026-08-28T16:39:51.325Z] [Unlock] Passcode MATCH! Resetting rate limits and setting token...
[2026-08-28T16:39:51.326Z] [Unlock] Generated token: eyJ1c2VySWQiOiJhZWY3ZDRkNy0zMjNjLTRjMDgtOTMzNC03NWNmNzEyMjBlNzUiLCJleHAiOjE3ODc5MzY5OTEzMjZ9.49e29d3bb24d4cb00e60508cabf33d6515e4c0e93154f6895dbaf8ba6fada811
[2026-08-28T16:40:00.747Z] [Check] GET /api/private/check called
[2026-08-28T16:40:01.215Z] [Check] User authenticated: id=7309def7-182e-4f25-805b-15615f68c3b7, email=mahfux090@gmail.com
[2026-08-28T16:40:01.398Z] [Check] Privacy settings exists: true, data={"id":"f7807f78-fb87-4f9e-b1cc-827ce2f3ffee"}
[2026-08-28T16:40:01.401Z] [Check] Token found: no
[2026-08-28T16:40:05.338Z] [Check] GET /api/private/check called
[2026-08-28T16:40:05.783Z] [Check] User authenticated: id=7309def7-182e-4f25-805b-15615f68c3b7, email=mahfux090@gmail.com
[2026-08-28T16:40:05.942Z] [Check] Privacy settings exists: true, data={"id":"f7807f78-fb87-4f9e-b1cc-827ce2f3ffee"}
[2026-08-28T16:40:05.964Z] [Check] Token found: no
[2026-08-28T16:40:06.243Z] [Check] GET /api/private/check called
[2026-08-28T16:40:07.211Z] [Check] User authenticated: id=7309def7-182e-4f25-805b-15615f68c3b7, email=mahfux090@gmail.com
[2026-08-28T16:40:07.369Z] [Check] Privacy settings exists: true, data={"id":"f7807f78-fb87-4f9e-b1cc-827ce2f3ffee"}
[2026-08-28T16:40:07.370Z] [Check] Token found: no
[2026-08-28T16:40:07.682Z] [Check] GET /api/private/check called
[2026-08-28T16:40:08.133Z] [Check] User authenticated: id=7309def7-182e-4f25-805b-15615f68c3b7, email=mahfux090@gmail.com
[2026-08-28T16:40:08.399Z] [Check] Privacy settings exists: true, data={"id":"f7807f78-fb87-4f9e-b1cc-827ce2f3ffee"}
[2026-08-28T16:40:08.399Z] [Check] Token found: no
